[ec2-user@ip-10-2-11-80 ~]$ mysql --host=udacity.cp0xagzajmxe.eu-central-1.rds.amazonaws.com --user=admin --password=Passw0rd  udacity 
mysql: [Warning] Using a password on the command line interface can be insecure.
Reading table information for completion of table and column names
You can turn off this feature to get a quicker startup with -A

Welcome to the MySQL monitor.  Commands end with ; or \g.
Your MySQL connection id is 47
Server version: 8.0.20 Source distribution

Copyright (c) 2000, 2021, Oracle and/or its affiliates.

Oracle is a registered trademark of Oracle Corporation and/or its
affiliates. Other names may be trademarks of their respective
owners.

Type 'help;' or '\h' for help. Type '\c' to clear the current input statement.

mysql> show databases
    -> ;
+--------------------+
| Database           |
+--------------------+
| information_schema |
| mysql              |
| performance_schema |
| sys                |
| udacity            |
+--------------------+
5 rows in set (0.00 sec)

mysql> use udacity
Database changed
mysql> select * from test
    -> ;
+----+---------+
| Id | Name    |
+----+---------+
|  0 | Mustafa |
+----+---------+
1 row in set (0.00 sec)

mysql> INSERT INTO `udacity`.`test` (`Name`) VALUES ('Saad');
ERROR 1290 (HY000): The MySQL server is running with the --read-only option so it cannot execute this statement
mysql> client_loop: send disconnect: Broken pipe
Mustafas-MBP-3:Downloads mustafasaad$ clear

Mustafas-MBP-3:Downloads mustafasaad$  ssh -i "Udacity2.pem" ec2-user@ec2-18-194-76-251.eu-central-1.compute.amazonaws.com
Last login: Sat Feb 20 18:40:23 2021 from 5.108.215.166

       __|  __|_  )
       _|  (     /   Amazon Linux 2 AMI
      ___|\___|___|

https://aws.amazon.com/amazon-linux-2/
10 package(s) needed for security, out of 19 available
Run "sudo yum update" to apply all updates.
-bash: warning: setlocale: LC_CTYPE: cannot change locale (UTF-8): No such file or directory
[ec2-user@ip-10-2-11-80 ~]$ mysql --host=udacity.cp0xagzajmxe.eu-central-1.rds.amazonaws.com --user=admin --password=Passw0rd  udacity 
mysql: [Warning] Using a password on the command line interface can be insecure.
Reading table information for completion of table and column names
You can turn off this feature to get a quicker startup with -A

Welcome to the MySQL monitor.  Commands end with ; or \g.
Your MySQL connection id is 10
Server version: 8.0.20 Source distribution

Copyright (c) 2000, 2021, Oracle and/or its affiliates.

Oracle is a registered trademark of Oracle Corporation and/or its
affiliates. Other names may be trademarks of their respective
owners.

Type 'help;' or '\h' for help. Type '\c' to clear the current input statement.

mysql> use udacity
Database changed
mysql> select * from test
    -> ;
+----+---------+
| Id | Name    |
+----+---------+
|  0 | Mustafa |
+----+---------+
1 row in set (0.00 sec)

mysql> INSERT INTO `udacity`.`test` (`Name`) VALUES ('Saad');
ERROR 1062 (23000): Duplicate entry '0' for key 'test.PRIMARY'
mysql> INSERT INTO `udacity`.`test` (`Id`,`Name`) VALUES (1,'Saad');
Query OK, 1 row affected (0.01 sec)

mysql> select * from test;
+----+---------+
| Id | Name    |
+----+---------+
|  0 | Mustafa |
|  1 | Saad    |
+----+---------+
2 rows in set (0.00 sec)

mysql>